// Jest Snapshot v1, https://goo.gl/fbAQLP

exports[`matches snapshot with a story 1`] = `<DocumentFragment />`;
