// Jest Snapshot v1, https://goo.gl/fbAQLP

exports[`matches snapshot with stories 1`] = `<DocumentFragment />`;
